nohup: ignoring input
==========================================
开始处理数据集: glove-100-angular
时间: 2026-02-11 15:18:27
==========================================
✓ 已更新 DATASET 为: glove-100-angular
日志文件: log3/glove-100-angular.log
启动后台任务...
任务已启动，进程ID: 3981507
等待任务完成...
  [15:19:27] 任务仍在运行中 (PID: 3981507)...
  [15:20:27] 任务仍在运行中 (PID: 3981507)...
  [15:21:27] 任务仍在运行中 (PID: 3981507)...
  [15:22:27] 任务仍在运行中 (PID: 3981507)...
  [15:23:27] 任务仍在运行中 (PID: 3981507)...
  [15:24:27] 任务仍在运行中 (PID: 3981507)...
  [15:25:27] 任务仍在运行中 (PID: 3981507)...
  [15:26:27] 任务仍在运行中 (PID: 3981507)...
  [15:27:27] 任务仍在运行中 (PID: 3981507)...
  [15:28:27] 任务仍在运行中 (PID: 3981507)...
  [15:29:27] 任务仍在运行中 (PID: 3981507)...
  [15:30:27] 任务仍在运行中 (PID: 3981507)...
  [15:31:27] 任务仍在运行中 (PID: 3981507)...
  [15:32:27] 任务仍在运行中 (PID: 3981507)...
  [15:33:27] 任务仍在运行中 (PID: 3981507)...
  [15:34:27] 任务仍在运行中 (PID: 3981507)...
  [15:35:27] 任务仍在运行中 (PID: 3981507)...
  [15:36:27] 任务仍在运行中 (PID: 3981507)...
  [15:37:27] 任务仍在运行中 (PID: 3981507)...
  [15:38:27] 任务仍在运行中 (PID: 3981507)...
  [15:39:27] 任务仍在运行中 (PID: 3981507)...
  [15:40:27] 任务仍在运行中 (PID: 3981507)...
  [15:41:27] 任务仍在运行中 (PID: 3981507)...
  [15:42:27] 任务仍在运行中 (PID: 3981507)...
  [15:43:27] 任务仍在运行中 (PID: 3981507)...
  [15:44:27] 任务仍在运行中 (PID: 3981507)...
  [15:45:27] 任务仍在运行中 (PID: 3981507)...
  [15:46:27] 任务仍在运行中 (PID: 3981507)...
  [15:47:27] 任务仍在运行中 (PID: 3981507)...
  [15:48:27] 任务仍在运行中 (PID: 3981507)...
  [15:49:27] 任务仍在运行中 (PID: 3981507)...
  [15:50:27] 任务仍在运行中 (PID: 3981507)...
  [15:51:27] 任务仍在运行中 (PID: 3981507)...
  [15:52:27] 任务仍在运行中 (PID: 3981507)...
  [15:53:28] 任务仍在运行中 (PID: 3981507)...
  [15:54:28] 任务仍在运行中 (PID: 3981507)...
  [15:55:28] 任务仍在运行中 (PID: 3981507)...
  [15:56:28] 任务仍在运行中 (PID: 3981507)...
  [15:57:28] 任务仍在运行中 (PID: 3981507)...
  [15:58:28] 任务仍在运行中 (PID: 3981507)...
  [15:59:28] 任务仍在运行中 (PID: 3981507)...
  [16:00:28] 任务仍在运行中 (PID: 3981507)...
  [16:01:28] 任务仍在运行中 (PID: 3981507)...
  [16:02:28] 任务仍在运行中 (PID: 3981507)...
  [16:03:28] 任务仍在运行中 (PID: 3981507)...
  [16:04:28] 任务仍在运行中 (PID: 3981507)...
  [16:05:28] 任务仍在运行中 (PID: 3981507)...
  [16:06:28] 任务仍在运行中 (PID: 3981507)...
  [16:07:28] 任务仍在运行中 (PID: 3981507)...
  [16:08:28] 任务仍在运行中 (PID: 3981507)...
  [16:09:28] 任务仍在运行中 (PID: 3981507)...
  [16:10:28] 任务仍在运行中 (PID: 3981507)...
  [16:11:28] 任务仍在运行中 (PID: 3981507)...
  [16:12:28] 任务仍在运行中 (PID: 3981507)...
  [16:13:28] 任务仍在运行中 (PID: 3981507)...
  [16:14:28] 任务仍在运行中 (PID: 3981507)...
  [16:15:28] 任务仍在运行中 (PID: 3981507)...
  [16:16:28] 任务仍在运行中 (PID: 3981507)...
  [16:17:28] 任务仍在运行中 (PID: 3981507)...
  [16:18:28] 任务仍在运行中 (PID: 3981507)...
  [16:19:28] 任务仍在运行中 (PID: 3981507)...
  [16:20:28] 任务仍在运行中 (PID: 3981507)...
  [16:21:28] 任务仍在运行中 (PID: 3981507)...
  [16:22:28] 任务仍在运行中 (PID: 3981507)...
  [16:23:28] 任务仍在运行中 (PID: 3981507)...
  [16:24:28] 任务仍在运行中 (PID: 3981507)...
  [16:25:28] 任务仍在运行中 (PID: 3981507)...
  [16:26:28] 任务仍在运行中 (PID: 3981507)...
  [16:27:28] 任务仍在运行中 (PID: 3981507)...
  [16:28:28] 任务仍在运行中 (PID: 3981507)...
  [16:29:28] 任务仍在运行中 (PID: 3981507)...
  [16:30:28] 任务仍在运行中 (PID: 3981507)...
  [16:31:28] 任务仍在运行中 (PID: 3981507)...
  [16:32:28] 任务仍在运行中 (PID: 3981507)...
  [16:33:28] 任务仍在运行中 (PID: 3981507)...
  [16:34:28] 任务仍在运行中 (PID: 3981507)...
  [16:35:28] 任务仍在运行中 (PID: 3981507)...
  [16:36:28] 任务仍在运行中 (PID: 3981507)...
  [16:37:28] 任务仍在运行中 (PID: 3981507)...
  [16:38:28] 任务仍在运行中 (PID: 3981507)...
  [16:39:28] 任务仍在运行中 (PID: 3981507)...
  [16:40:28] 任务仍在运行中 (PID: 3981507)...
  [16:41:28] 任务仍在运行中 (PID: 3981507)...
  [16:42:28] 任务仍在运行中 (PID: 3981507)...
  [16:43:28] 任务仍在运行中 (PID: 3981507)...
  [16:44:28] 任务仍在运行中 (PID: 3981507)...
  [16:45:28] 任务仍在运行中 (PID: 3981507)...
  [16:46:28] 任务仍在运行中 (PID: 3981507)...
  [16:47:28] 任务仍在运行中 (PID: 3981507)...
  [16:48:28] 任务仍在运行中 (PID: 3981507)...
  [16:49:28] 任务仍在运行中 (PID: 3981507)...
  [16:50:28] 任务仍在运行中 (PID: 3981507)...
  [16:51:28] 任务仍在运行中 (PID: 3981507)...
  [16:52:28] 任务仍在运行中 (PID: 3981507)...
  [16:53:28] 任务仍在运行中 (PID: 3981507)...
  [16:54:28] 任务仍在运行中 (PID: 3981507)...
  [16:55:28] 任务仍在运行中 (PID: 3981507)...
  [16:56:28] 任务仍在运行中 (PID: 3981507)...
  [16:57:28] 任务仍在运行中 (PID: 3981507)...
  [16:58:28] 任务仍在运行中 (PID: 3981507)...
  [16:59:28] 任务仍在运行中 (PID: 3981507)...
  [17:00:28] 任务仍在运行中 (PID: 3981507)...
  [17:01:28] 任务仍在运行中 (PID: 3981507)...
  [17:02:28] 任务仍在运行中 (PID: 3981507)...
  [17:03:28] 任务仍在运行中 (PID: 3981507)...
  [17:04:28] 任务仍在运行中 (PID: 3981507)...
  [17:05:28] 任务仍在运行中 (PID: 3981507)...
  [17:06:28] 任务仍在运行中 (PID: 3981507)...
  [17:07:28] 任务仍在运行中 (PID: 3981507)...
  [17:08:28] 任务仍在运行中 (PID: 3981507)...
  [17:09:28] 任务仍在运行中 (PID: 3981507)...
  [17:10:28] 任务仍在运行中 (PID: 3981507)...
  [17:11:28] 任务仍在运行中 (PID: 3981507)...
  [17:12:28] 任务仍在运行中 (PID: 3981507)...
  [17:13:28] 任务仍在运行中 (PID: 3981507)...
  [17:14:28] 任务仍在运行中 (PID: 3981507)...
  [17:15:28] 任务仍在运行中 (PID: 3981507)...
  [17:16:28] 任务仍在运行中 (PID: 3981507)...
  [17:17:28] 任务仍在运行中 (PID: 3981507)...
  [17:18:28] 任务仍在运行中 (PID: 3981507)...
  [17:19:28] 任务仍在运行中 (PID: 3981507)...
  [17:20:28] 任务仍在运行中 (PID: 3981507)...
  [17:21:28] 任务仍在运行中 (PID: 3981507)...
  [17:22:28] 任务仍在运行中 (PID: 3981507)...
  [17:23:28] 任务仍在运行中 (PID: 3981507)...
  [17:24:28] 任务仍在运行中 (PID: 3981507)...
  [17:25:28] 任务仍在运行中 (PID: 3981507)...
  [17:26:28] 任务仍在运行中 (PID: 3981507)...
  [17:27:28] 任务仍在运行中 (PID: 3981507)...
  [17:28:28] 任务仍在运行中 (PID: 3981507)...
  [17:29:28] 任务仍在运行中 (PID: 3981507)...
  [17:30:28] 任务仍在运行中 (PID: 3981507)...
  [17:31:28] 任务仍在运行中 (PID: 3981507)...
  [17:32:28] 任务仍在运行中 (PID: 3981507)...
  [17:33:28] 任务仍在运行中 (PID: 3981507)...
  [17:34:28] 任务仍在运行中 (PID: 3981507)...
  [17:35:28] 任务仍在运行中 (PID: 3981507)...
  [17:36:28] 任务仍在运行中 (PID: 3981507)...
  [17:37:28] 任务仍在运行中 (PID: 3981507)...
  [17:38:28] 任务仍在运行中 (PID: 3981507)...
  [17:39:28] 任务仍在运行中 (PID: 3981507)...
  [17:40:28] 任务仍在运行中 (PID: 3981507)...
  [17:41:28] 任务仍在运行中 (PID: 3981507)...
  [17:42:28] 任务仍在运行中 (PID: 3981507)...
  [17:43:28] 任务仍在运行中 (PID: 3981507)...
  [17:44:28] 任务仍在运行中 (PID: 3981507)...
  [17:45:28] 任务仍在运行中 (PID: 3981507)...
  [17:46:28] 任务仍在运行中 (PID: 3981507)...
  [17:47:28] 任务仍在运行中 (PID: 3981507)...
  [17:48:28] 任务仍在运行中 (PID: 3981507)...
  [17:49:28] 任务仍在运行中 (PID: 3981507)...
  [17:50:28] 任务仍在运行中 (PID: 3981507)...
  [17:51:28] 任务仍在运行中 (PID: 3981507)...
  [17:52:28] 任务仍在运行中 (PID: 3981507)...
  [17:53:28] 任务仍在运行中 (PID: 3981507)...
  [17:54:28] 任务仍在运行中 (PID: 3981507)...
  [17:55:28] 任务仍在运行中 (PID: 3981507)...
  [17:56:28] 任务仍在运行中 (PID: 3981507)...
  [17:57:28] 任务仍在运行中 (PID: 3981507)...
  [17:58:28] 任务仍在运行中 (PID: 3981507)...
  [17:59:28] 任务仍在运行中 (PID: 3981507)...
  [18:00:28] 任务仍在运行中 (PID: 3981507)...
  [18:01:28] 任务仍在运行中 (PID: 3981507)...
  [18:02:28] 任务仍在运行中 (PID: 3981507)...
  [18:03:28] 任务仍在运行中 (PID: 3981507)...
  [18:04:28] 任务仍在运行中 (PID: 3981507)...
  [18:05:28] 任务仍在运行中 (PID: 3981507)...
  [18:06:28] 任务仍在运行中 (PID: 3981507)...
  [18:07:28] 任务仍在运行中 (PID: 3981507)...
  [18:08:28] 任务仍在运行中 (PID: 3981507)...
  [18:09:28] 任务仍在运行中 (PID: 3981507)...
  [18:10:28] 任务仍在运行中 (PID: 3981507)...
  [18:11:28] 任务仍在运行中 (PID: 3981507)...
  [18:12:28] 任务仍在运行中 (PID: 3981507)...
  [18:13:28] 任务仍在运行中 (PID: 3981507)...
  [18:14:28] 任务仍在运行中 (PID: 3981507)...
  [18:15:28] 任务仍在运行中 (PID: 3981507)...
  [18:16:28] 任务仍在运行中 (PID: 3981507)...
  [18:17:28] 任务仍在运行中 (PID: 3981507)...
  [18:18:28] 任务仍在运行中 (PID: 3981507)...
  [18:19:28] 任务仍在运行中 (PID: 3981507)...
  [18:20:28] 任务仍在运行中 (PID: 3981507)...
  [18:21:28] 任务仍在运行中 (PID: 3981507)...
  [18:22:28] 任务仍在运行中 (PID: 3981507)...
  [18:23:28] 任务仍在运行中 (PID: 3981507)...
  [18:24:28] 任务仍在运行中 (PID: 3981507)...
  [18:25:29] 任务仍在运行中 (PID: 3981507)...
  [18:26:29] 任务仍在运行中 (PID: 3981507)...
  [18:27:29] 任务仍在运行中 (PID: 3981507)...
  [18:28:29] 任务仍在运行中 (PID: 3981507)...
  [18:29:29] 任务仍在运行中 (PID: 3981507)...
  [18:30:29] 任务仍在运行中 (PID: 3981507)...
  [18:31:29] 任务仍在运行中 (PID: 3981507)...
  [18:32:29] 任务仍在运行中 (PID: 3981507)...
  [18:33:29] 任务仍在运行中 (PID: 3981507)...
  [18:34:29] 任务仍在运行中 (PID: 3981507)...
  [18:35:29] 任务仍在运行中 (PID: 3981507)...
  [18:36:29] 任务仍在运行中 (PID: 3981507)...
  [18:37:29] 任务仍在运行中 (PID: 3981507)...
  [18:38:29] 任务仍在运行中 (PID: 3981507)...
  [18:39:29] 任务仍在运行中 (PID: 3981507)...
  [18:40:29] 任务仍在运行中 (PID: 3981507)...
  [18:41:29] 任务仍在运行中 (PID: 3981507)...
  [18:42:29] 任务仍在运行中 (PID: 3981507)...
  [18:43:29] 任务仍在运行中 (PID: 3981507)...
  [18:44:29] 任务仍在运行中 (PID: 3981507)...
  [18:45:29] 任务仍在运行中 (PID: 3981507)...
  [18:46:29] 任务仍在运行中 (PID: 3981507)...
  [18:47:29] 任务仍在运行中 (PID: 3981507)...
  [18:48:29] 任务仍在运行中 (PID: 3981507)...
  [18:49:29] 任务仍在运行中 (PID: 3981507)...
  [18:50:29] 任务仍在运行中 (PID: 3981507)...
  [18:51:29] 任务仍在运行中 (PID: 3981507)...
  [18:52:29] 任务仍在运行中 (PID: 3981507)...
  [18:53:29] 任务仍在运行中 (PID: 3981507)...
  [18:54:29] 任务仍在运行中 (PID: 3981507)...
  [18:55:29] 任务仍在运行中 (PID: 3981507)...
  [18:56:29] 任务仍在运行中 (PID: 3981507)...
  [18:57:29] 任务仍在运行中 (PID: 3981507)...
  [18:58:29] 任务仍在运行中 (PID: 3981507)...
  [18:59:29] 任务仍在运行中 (PID: 3981507)...
  [19:00:29] 任务仍在运行中 (PID: 3981507)...
  [19:01:29] 任务仍在运行中 (PID: 3981507)...
  [19:02:29] 任务仍在运行中 (PID: 3981507)...
  [19:03:29] 任务仍在运行中 (PID: 3981507)...
  [19:04:29] 任务仍在运行中 (PID: 3981507)...
  [19:05:29] 任务仍在运行中 (PID: 3981507)...
  [19:06:29] 任务仍在运行中 (PID: 3981507)...
  [19:07:29] 任务仍在运行中 (PID: 3981507)...
  [19:08:29] 任务仍在运行中 (PID: 3981507)...
  [19:09:29] 任务仍在运行中 (PID: 3981507)...
  [19:10:29] 任务仍在运行中 (PID: 3981507)...
  [19:11:29] 任务仍在运行中 (PID: 3981507)...
  [19:12:29] 任务仍在运行中 (PID: 3981507)...
  [19:13:29] 任务仍在运行中 (PID: 3981507)...
  [19:14:29] 任务仍在运行中 (PID: 3981507)...
  [19:15:29] 任务仍在运行中 (PID: 3981507)...
  [19:16:29] 任务仍在运行中 (PID: 3981507)...
  [19:17:29] 任务仍在运行中 (PID: 3981507)...
  [19:18:29] 任务仍在运行中 (PID: 3981507)...
  [19:19:29] 任务仍在运行中 (PID: 3981507)...
  [19:20:29] 任务仍在运行中 (PID: 3981507)...
  [19:21:29] 任务仍在运行中 (PID: 3981507)...
  [19:22:29] 任务仍在运行中 (PID: 3981507)...
  [19:23:29] 任务仍在运行中 (PID: 3981507)...
  [19:24:29] 任务仍在运行中 (PID: 3981507)...
  [19:25:29] 任务仍在运行中 (PID: 3981507)...
  [19:26:29] 任务仍在运行中 (PID: 3981507)...
  [19:27:29] 任务仍在运行中 (PID: 3981507)...
  [19:28:29] 任务仍在运行中 (PID: 3981507)...
  [19:29:29] 任务仍在运行中 (PID: 3981507)...
  [19:30:29] 任务仍在运行中 (PID: 3981507)...
  [19:31:29] 任务仍在运行中 (PID: 3981507)...
  [19:32:29] 任务仍在运行中 (PID: 3981507)...
  [19:33:29] 任务仍在运行中 (PID: 3981507)...
  [19:34:29] 任务仍在运行中 (PID: 3981507)...
  [19:35:29] 任务仍在运行中 (PID: 3981507)...
  [19:36:29] 任务仍在运行中 (PID: 3981507)...
  [19:37:29] 任务仍在运行中 (PID: 3981507)...
  [19:38:29] 任务仍在运行中 (PID: 3981507)...
  [19:39:29] 任务仍在运行中 (PID: 3981507)...
  [19:40:29] 任务仍在运行中 (PID: 3981507)...
  [19:41:29] 任务仍在运行中 (PID: 3981507)...
  [19:42:29] 任务仍在运行中 (PID: 3981507)...
  [19:43:29] 任务仍在运行中 (PID: 3981507)...
  [19:44:29] 任务仍在运行中 (PID: 3981507)...
  [19:45:29] 任务仍在运行中 (PID: 3981507)...
  [19:46:29] 任务仍在运行中 (PID: 3981507)...
  [19:47:29] 任务仍在运行中 (PID: 3981507)...
  [19:48:29] 任务仍在运行中 (PID: 3981507)...
  [19:49:29] 任务仍在运行中 (PID: 3981507)...
  [19:50:29] 任务仍在运行中 (PID: 3981507)...
  [19:51:29] 任务仍在运行中 (PID: 3981507)...
  [19:52:29] 任务仍在运行中 (PID: 3981507)...
  [19:53:29] 任务仍在运行中 (PID: 3981507)...
  [19:54:29] 任务仍在运行中 (PID: 3981507)...
  [19:55:29] 任务仍在运行中 (PID: 3981507)...
  [19:56:29] 任务仍在运行中 (PID: 3981507)...
  [19:57:29] 任务仍在运行中 (PID: 3981507)...
  [19:58:29] 任务仍在运行中 (PID: 3981507)...
  [19:59:29] 任务仍在运行中 (PID: 3981507)...
  [20:00:29] 任务仍在运行中 (PID: 3981507)...
  [20:01:29] 任务仍在运行中 (PID: 3981507)...
  [20:02:29] 任务仍在运行中 (PID: 3981507)...
  [20:03:29] 任务仍在运行中 (PID: 3981507)...
  [20:04:29] 任务仍在运行中 (PID: 3981507)...
  [20:05:29] 任务仍在运行中 (PID: 3981507)...
  [20:06:29] 任务仍在运行中 (PID: 3981507)...
  [20:07:29] 任务仍在运行中 (PID: 3981507)...
  [20:08:29] 任务仍在运行中 (PID: 3981507)...
  [20:09:29] 任务仍在运行中 (PID: 3981507)...
  [20:10:29] 任务仍在运行中 (PID: 3981507)...
  [20:11:29] 任务仍在运行中 (PID: 3981507)...
  [20:12:29] 任务仍在运行中 (PID: 3981507)...
  [20:13:29] 任务仍在运行中 (PID: 3981507)...
  [20:14:29] 任务仍在运行中 (PID: 3981507)...
  [20:15:29] 任务仍在运行中 (PID: 3981507)...
  [20:16:29] 任务仍在运行中 (PID: 3981507)...
  [20:17:29] 任务仍在运行中 (PID: 3981507)...
  [20:18:29] 任务仍在运行中 (PID: 3981507)...
  [20:19:29] 任务仍在运行中 (PID: 3981507)...
  [20:20:29] 任务仍在运行中 (PID: 3981507)...
  [20:21:29] 任务仍在运行中 (PID: 3981507)...
  [20:22:29] 任务仍在运行中 (PID: 3981507)...
  [20:23:29] 任务仍在运行中 (PID: 3981507)...
  [20:24:29] 任务仍在运行中 (PID: 3981507)...
  [20:25:29] 任务仍在运行中 (PID: 3981507)...
  [20:26:29] 任务仍在运行中 (PID: 3981507)...
  [20:27:29] 任务仍在运行中 (PID: 3981507)...
  [20:28:29] 任务仍在运行中 (PID: 3981507)...
  [20:29:29] 任务仍在运行中 (PID: 3981507)...
  [20:30:29] 任务仍在运行中 (PID: 3981507)...
  [20:31:29] 任务仍在运行中 (PID: 3981507)...
  [20:32:29] 任务仍在运行中 (PID: 3981507)...
  [20:33:29] 任务仍在运行中 (PID: 3981507)...
  [20:34:29] 任务仍在运行中 (PID: 3981507)...
  [20:35:29] 任务仍在运行中 (PID: 3981507)...
  [20:36:29] 任务仍在运行中 (PID: 3981507)...
  [20:37:29] 任务仍在运行中 (PID: 3981507)...
  [20:38:29] 任务仍在运行中 (PID: 3981507)...
  [20:39:29] 任务仍在运行中 (PID: 3981507)...
  [20:40:29] 任务仍在运行中 (PID: 3981507)...
  [20:41:29] 任务仍在运行中 (PID: 3981507)...
  [20:42:29] 任务仍在运行中 (PID: 3981507)...
  [20:43:29] 任务仍在运行中 (PID: 3981507)...
  [20:44:29] 任务仍在运行中 (PID: 3981507)...
  [20:45:29] 任务仍在运行中 (PID: 3981507)...
  [20:46:29] 任务仍在运行中 (PID: 3981507)...
  [20:47:29] 任务仍在运行中 (PID: 3981507)...
  [20:48:29] 任务仍在运行中 (PID: 3981507)...
  [20:49:30] 任务仍在运行中 (PID: 3981507)...
  [20:50:30] 任务仍在运行中 (PID: 3981507)...
  [20:51:30] 任务仍在运行中 (PID: 3981507)...
  [20:52:30] 任务仍在运行中 (PID: 3981507)...
  [20:53:30] 任务仍在运行中 (PID: 3981507)...
  [20:54:30] 任务仍在运行中 (PID: 3981507)...
  [20:55:30] 任务仍在运行中 (PID: 3981507)...
  [20:56:30] 任务仍在运行中 (PID: 3981507)...
  [20:57:30] 任务仍在运行中 (PID: 3981507)...
  [20:58:30] 任务仍在运行中 (PID: 3981507)...
  [20:59:30] 任务仍在运行中 (PID: 3981507)...
  [21:00:30] 任务仍在运行中 (PID: 3981507)...
  [21:01:30] 任务仍在运行中 (PID: 3981507)...
  [21:02:30] 任务仍在运行中 (PID: 3981507)...
  [21:03:30] 任务仍在运行中 (PID: 3981507)...
  [21:04:30] 任务仍在运行中 (PID: 3981507)...
  [21:05:30] 任务仍在运行中 (PID: 3981507)...
  [21:06:30] 任务仍在运行中 (PID: 3981507)...
  [21:07:30] 任务仍在运行中 (PID: 3981507)...
  [21:08:30] 任务仍在运行中 (PID: 3981507)...
  [21:09:30] 任务仍在运行中 (PID: 3981507)...
  [21:10:30] 任务仍在运行中 (PID: 3981507)...
  [21:11:30] 任务仍在运行中 (PID: 3981507)...
  [21:12:30] 任务仍在运行中 (PID: 3981507)...
  [21:13:30] 任务仍在运行中 (PID: 3981507)...
  [21:14:30] 任务仍在运行中 (PID: 3981507)...
  [21:15:30] 任务仍在运行中 (PID: 3981507)...
  [21:16:30] 任务仍在运行中 (PID: 3981507)...
  [21:17:30] 任务仍在运行中 (PID: 3981507)...
  [21:18:30] 任务仍在运行中 (PID: 3981507)...
  [21:19:30] 任务仍在运行中 (PID: 3981507)...
  [21:20:30] 任务仍在运行中 (PID: 3981507)...
  [21:21:30] 任务仍在运行中 (PID: 3981507)...
  [21:22:30] 任务仍在运行中 (PID: 3981507)...
  [21:23:30] 任务仍在运行中 (PID: 3981507)...
  [21:24:30] 任务仍在运行中 (PID: 3981507)...
  [21:25:30] 任务仍在运行中 (PID: 3981507)...
  [21:26:30] 任务仍在运行中 (PID: 3981507)...
  [21:27:30] 任务仍在运行中 (PID: 3981507)...
  [21:28:30] 任务仍在运行中 (PID: 3981507)...
  [21:29:30] 任务仍在运行中 (PID: 3981507)...
  [21:30:30] 任务仍在运行中 (PID: 3981507)...
  [21:31:30] 任务仍在运行中 (PID: 3981507)...
  [21:32:30] 任务仍在运行中 (PID: 3981507)...
  [21:33:30] 任务仍在运行中 (PID: 3981507)...
  [21:34:30] 任务仍在运行中 (PID: 3981507)...
  [21:35:30] 任务仍在运行中 (PID: 3981507)...
  [21:36:30] 任务仍在运行中 (PID: 3981507)...
  [21:37:30] 任务仍在运行中 (PID: 3981507)...
  [21:38:30] 任务仍在运行中 (PID: 3981507)...
  [21:39:30] 任务仍在运行中 (PID: 3981507)...
  [21:40:30] 任务仍在运行中 (PID: 3981507)...
  [21:41:30] 任务仍在运行中 (PID: 3981507)...
  [21:42:30] 任务仍在运行中 (PID: 3981507)...
  [21:43:30] 任务仍在运行中 (PID: 3981507)...
  [21:44:30] 任务仍在运行中 (PID: 3981507)...
  [21:45:30] 任务仍在运行中 (PID: 3981507)...
  [21:46:30] 任务仍在运行中 (PID: 3981507)...
  [21:47:30] 任务仍在运行中 (PID: 3981507)...
  [21:48:30] 任务仍在运行中 (PID: 3981507)...
  [21:49:30] 任务仍在运行中 (PID: 3981507)...
  [21:50:30] 任务仍在运行中 (PID: 3981507)...
  [21:51:30] 任务仍在运行中 (PID: 3981507)...
  [21:52:30] 任务仍在运行中 (PID: 3981507)...
  [21:53:30] 任务仍在运行中 (PID: 3981507)...
  [21:54:30] 任务仍在运行中 (PID: 3981507)...
  [21:55:30] 任务仍在运行中 (PID: 3981507)...
  [21:56:30] 任务仍在运行中 (PID: 3981507)...
  [21:57:30] 任务仍在运行中 (PID: 3981507)...
  [21:58:30] 任务仍在运行中 (PID: 3981507)...
  [21:59:30] 任务仍在运行中 (PID: 3981507)...
  [22:00:30] 任务仍在运行中 (PID: 3981507)...
  [22:01:30] 任务仍在运行中 (PID: 3981507)...
  [22:02:30] 任务仍在运行中 (PID: 3981507)...
  [22:03:30] 任务仍在运行中 (PID: 3981507)...
  [22:04:30] 任务仍在运行中 (PID: 3981507)...
  [22:05:30] 任务仍在运行中 (PID: 3981507)...
  [22:06:30] 任务仍在运行中 (PID: 3981507)...
  [22:07:30] 任务仍在运行中 (PID: 3981507)...
  [22:08:30] 任务仍在运行中 (PID: 3981507)...
  [22:09:30] 任务仍在运行中 (PID: 3981507)...
  [22:10:30] 任务仍在运行中 (PID: 3981507)...
  [22:11:30] 任务仍在运行中 (PID: 3981507)...
  [22:12:30] 任务仍在运行中 (PID: 3981507)...
  [22:13:30] 任务仍在运行中 (PID: 3981507)...
  [22:14:30] 任务仍在运行中 (PID: 3981507)...
  [22:15:30] 任务仍在运行中 (PID: 3981507)...
  [22:16:30] 任务仍在运行中 (PID: 3981507)...
  [22:17:30] 任务仍在运行中 (PID: 3981507)...
  [22:18:30] 任务仍在运行中 (PID: 3981507)...
  [22:19:30] 任务仍在运行中 (PID: 3981507)...
  [22:20:30] 任务仍在运行中 (PID: 3981507)...
  [22:21:30] 任务仍在运行中 (PID: 3981507)...
  [22:22:30] 任务仍在运行中 (PID: 3981507)...
  [22:23:30] 任务仍在运行中 (PID: 3981507)...
  [22:24:30] 任务仍在运行中 (PID: 3981507)...
  [22:25:30] 任务仍在运行中 (PID: 3981507)...
  [22:26:30] 任务仍在运行中 (PID: 3981507)...
  [22:27:30] 任务仍在运行中 (PID: 3981507)...
  [22:28:30] 任务仍在运行中 (PID: 3981507)...
  [22:29:30] 任务仍在运行中 (PID: 3981507)...
  [22:30:30] 任务仍在运行中 (PID: 3981507)...
  [22:31:30] 任务仍在运行中 (PID: 3981507)...
  [22:32:30] 任务仍在运行中 (PID: 3981507)...
  [22:33:30] 任务仍在运行中 (PID: 3981507)...
  [22:34:30] 任务仍在运行中 (PID: 3981507)...
  [22:35:30] 任务仍在运行中 (PID: 3981507)...
  [22:36:30] 任务仍在运行中 (PID: 3981507)...
  [22:37:30] 任务仍在运行中 (PID: 3981507)...
  [22:38:30] 任务仍在运行中 (PID: 3981507)...
  [22:39:30] 任务仍在运行中 (PID: 3981507)...
  [22:40:30] 任务仍在运行中 (PID: 3981507)...
  [22:41:30] 任务仍在运行中 (PID: 3981507)...
  [22:42:30] 任务仍在运行中 (PID: 3981507)...
  [22:43:30] 任务仍在运行中 (PID: 3981507)...
  [22:44:30] 任务仍在运行中 (PID: 3981507)...
  [22:45:30] 任务仍在运行中 (PID: 3981507)...
  [22:46:30] 任务仍在运行中 (PID: 3981507)...
  [22:47:30] 任务仍在运行中 (PID: 3981507)...
  [22:48:30] 任务仍在运行中 (PID: 3981507)...
  [22:49:30] 任务仍在运行中 (PID: 3981507)...
  [22:50:30] 任务仍在运行中 (PID: 3981507)...
  [22:51:30] 任务仍在运行中 (PID: 3981507)...
  [22:52:30] 任务仍在运行中 (PID: 3981507)...
  [22:53:30] 任务仍在运行中 (PID: 3981507)...
  [22:54:30] 任务仍在运行中 (PID: 3981507)...
  [22:55:30] 任务仍在运行中 (PID: 3981507)...
  [22:56:30] 任务仍在运行中 (PID: 3981507)...
  [22:57:30] 任务仍在运行中 (PID: 3981507)...
  [22:58:30] 任务仍在运行中 (PID: 3981507)...
  [22:59:30] 任务仍在运行中 (PID: 3981507)...
  [23:00:30] 任务仍在运行中 (PID: 3981507)...
  [23:01:30] 任务仍在运行中 (PID: 3981507)...
  [23:02:30] 任务仍在运行中 (PID: 3981507)...
  [23:03:30] 任务仍在运行中 (PID: 3981507)...
  [23:04:30] 任务仍在运行中 (PID: 3981507)...
  [23:05:30] 任务仍在运行中 (PID: 3981507)...
  [23:06:30] 任务仍在运行中 (PID: 3981507)...
  [23:07:30] 任务仍在运行中 (PID: 3981507)...
  [23:08:30] 任务仍在运行中 (PID: 3981507)...
  [23:09:30] 任务仍在运行中 (PID: 3981507)...
  [23:10:30] 任务仍在运行中 (PID: 3981507)...
  [23:11:30] 任务仍在运行中 (PID: 3981507)...
  [23:12:30] 任务仍在运行中 (PID: 3981507)...
  [23:13:31] 任务仍在运行中 (PID: 3981507)...
  [23:14:31] 任务仍在运行中 (PID: 3981507)...
  [23:15:31] 任务仍在运行中 (PID: 3981507)...
  [23:16:31] 任务仍在运行中 (PID: 3981507)...
  [23:17:31] 任务仍在运行中 (PID: 3981507)...
  [23:18:31] 任务仍在运行中 (PID: 3981507)...
  [23:19:31] 任务仍在运行中 (PID: 3981507)...
  [23:20:31] 任务仍在运行中 (PID: 3981507)...
  [23:21:31] 任务仍在运行中 (PID: 3981507)...
  [23:22:31] 任务仍在运行中 (PID: 3981507)...
  [23:23:31] 任务仍在运行中 (PID: 3981507)...
  [23:24:31] 任务仍在运行中 (PID: 3981507)...
  [23:25:31] 任务仍在运行中 (PID: 3981507)...
  [23:26:31] 任务仍在运行中 (PID: 3981507)...
  [23:27:31] 任务仍在运行中 (PID: 3981507)...
  [23:28:31] 任务仍在运行中 (PID: 3981507)...
  [23:29:31] 任务仍在运行中 (PID: 3981507)...
  [23:30:31] 任务仍在运行中 (PID: 3981507)...
  [23:31:31] 任务仍在运行中 (PID: 3981507)...
  [23:32:31] 任务仍在运行中 (PID: 3981507)...
  [23:33:31] 任务仍在运行中 (PID: 3981507)...
  [23:34:31] 任务仍在运行中 (PID: 3981507)...
  [23:35:31] 任务仍在运行中 (PID: 3981507)...
  [23:36:31] 任务仍在运行中 (PID: 3981507)...
  [23:37:31] 任务仍在运行中 (PID: 3981507)...
  [23:38:31] 任务仍在运行中 (PID: 3981507)...
  [23:39:31] 任务仍在运行中 (PID: 3981507)...
  [23:40:31] 任务仍在运行中 (PID: 3981507)...
  [23:41:31] 任务仍在运行中 (PID: 3981507)...
  [23:42:31] 任务仍在运行中 (PID: 3981507)...
  [23:43:31] 任务仍在运行中 (PID: 3981507)...
  [23:44:31] 任务仍在运行中 (PID: 3981507)...
  [23:45:31] 任务仍在运行中 (PID: 3981507)...
  [23:46:31] 任务仍在运行中 (PID: 3981507)...
  [23:47:31] 任务仍在运行中 (PID: 3981507)...
  [23:48:31] 任务仍在运行中 (PID: 3981507)...
  [23:49:31] 任务仍在运行中 (PID: 3981507)...
  [23:50:31] 任务仍在运行中 (PID: 3981507)...
  [23:51:31] 任务仍在运行中 (PID: 3981507)...
  [23:52:31] 任务仍在运行中 (PID: 3981507)...
  [23:53:31] 任务仍在运行中 (PID: 3981507)...
  [23:54:31] 任务仍在运行中 (PID: 3981507)...
  [23:55:31] 任务仍在运行中 (PID: 3981507)...
  [23:56:31] 任务仍在运行中 (PID: 3981507)...
  [23:57:31] 任务仍在运行中 (PID: 3981507)...
  [23:58:31] 任务仍在运行中 (PID: 3981507)...
  [23:59:31] 任务仍在运行中 (PID: 3981507)...
  [00:00:31] 任务仍在运行中 (PID: 3981507)...
  [00:01:31] 任务仍在运行中 (PID: 3981507)...
  [00:02:31] 任务仍在运行中 (PID: 3981507)...
  [00:03:31] 任务仍在运行中 (PID: 3981507)...
  [00:04:31] 任务仍在运行中 (PID: 3981507)...
  [00:05:31] 任务仍在运行中 (PID: 3981507)...
  [00:06:31] 任务仍在运行中 (PID: 3981507)...
  [00:07:31] 任务仍在运行中 (PID: 3981507)...
  [00:08:31] 任务仍在运行中 (PID: 3981507)...
  [00:09:31] 任务仍在运行中 (PID: 3981507)...
  [00:10:31] 任务仍在运行中 (PID: 3981507)...
  [00:11:31] 任务仍在运行中 (PID: 3981507)...
  [00:12:31] 任务仍在运行中 (PID: 3981507)...
  [00:13:31] 任务仍在运行中 (PID: 3981507)...
  [00:14:31] 任务仍在运行中 (PID: 3981507)...
  [00:15:31] 任务仍在运行中 (PID: 3981507)...
  [00:16:31] 任务仍在运行中 (PID: 3981507)...
  [00:17:31] 任务仍在运行中 (PID: 3981507)...
  [00:18:31] 任务仍在运行中 (PID: 3981507)...
  [00:19:31] 任务仍在运行中 (PID: 3981507)...
  [00:20:31] 任务仍在运行中 (PID: 3981507)...
  [00:21:31] 任务仍在运行中 (PID: 3981507)...
  [00:22:31] 任务仍在运行中 (PID: 3981507)...
  [00:23:31] 任务仍在运行中 (PID: 3981507)...
  [00:24:31] 任务仍在运行中 (PID: 3981507)...
  [00:25:31] 任务仍在运行中 (PID: 3981507)...
  [00:26:31] 任务仍在运行中 (PID: 3981507)...
  [00:27:31] 任务仍在运行中 (PID: 3981507)...
  [00:28:31] 任务仍在运行中 (PID: 3981507)...
  [00:29:31] 任务仍在运行中 (PID: 3981507)...
  [00:30:31] 任务仍在运行中 (PID: 3981507)...
  [00:31:31] 任务仍在运行中 (PID: 3981507)...
  [00:32:31] 任务仍在运行中 (PID: 3981507)...
  [00:33:31] 任务仍在运行中 (PID: 3981507)...
  [00:34:31] 任务仍在运行中 (PID: 3981507)...
  [00:35:31] 任务仍在运行中 (PID: 3981507)...
  [00:36:31] 任务仍在运行中 (PID: 3981507)...
  [00:37:31] 任务仍在运行中 (PID: 3981507)...
  [00:38:31] 任务仍在运行中 (PID: 3981507)...
  [00:39:31] 任务仍在运行中 (PID: 3981507)...
  [00:40:31] 任务仍在运行中 (PID: 3981507)...
  [00:41:31] 任务仍在运行中 (PID: 3981507)...
  [00:42:31] 任务仍在运行中 (PID: 3981507)...
  [00:43:31] 任务仍在运行中 (PID: 3981507)...
  [00:44:31] 任务仍在运行中 (PID: 3981507)...
  [00:45:31] 任务仍在运行中 (PID: 3981507)...
  [00:46:31] 任务仍在运行中 (PID: 3981507)...
  [00:47:31] 任务仍在运行中 (PID: 3981507)...
  [00:48:31] 任务仍在运行中 (PID: 3981507)...
  [00:49:31] 任务仍在运行中 (PID: 3981507)...
  [00:50:31] 任务仍在运行中 (PID: 3981507)...
  [00:51:31] 任务仍在运行中 (PID: 3981507)...
  [00:52:31] 任务仍在运行中 (PID: 3981507)...
  [00:53:31] 任务仍在运行中 (PID: 3981507)...
  [00:54:31] 任务仍在运行中 (PID: 3981507)...
  [00:55:31] 任务仍在运行中 (PID: 3981507)...
  [00:56:31] 任务仍在运行中 (PID: 3981507)...
  [00:57:31] 任务仍在运行中 (PID: 3981507)...
  [00:58:31] 任务仍在运行中 (PID: 3981507)...
  [00:59:31] 任务仍在运行中 (PID: 3981507)...
  [01:00:31] 任务仍在运行中 (PID: 3981507)...
  [01:01:31] 任务仍在运行中 (PID: 3981507)...
  [01:02:31] 任务仍在运行中 (PID: 3981507)...
  [01:03:31] 任务仍在运行中 (PID: 3981507)...
  [01:04:31] 任务仍在运行中 (PID: 3981507)...
  [01:05:31] 任务仍在运行中 (PID: 3981507)...
  [01:06:31] 任务仍在运行中 (PID: 3981507)...
  [01:07:31] 任务仍在运行中 (PID: 3981507)...
  [01:08:31] 任务仍在运行中 (PID: 3981507)...
  [01:09:31] 任务仍在运行中 (PID: 3981507)...
  [01:10:31] 任务仍在运行中 (PID: 3981507)...
  [01:11:31] 任务仍在运行中 (PID: 3981507)...
  [01:12:31] 任务仍在运行中 (PID: 3981507)...
  [01:13:31] 任务仍在运行中 (PID: 3981507)...
  [01:14:31] 任务仍在运行中 (PID: 3981507)...
  [01:15:31] 任务仍在运行中 (PID: 3981507)...
  [01:16:31] 任务仍在运行中 (PID: 3981507)...
  [01:17:31] 任务仍在运行中 (PID: 3981507)...
  [01:18:31] 任务仍在运行中 (PID: 3981507)...
  [01:19:31] 任务仍在运行中 (PID: 3981507)...
  [01:20:31] 任务仍在运行中 (PID: 3981507)...
  [01:21:31] 任务仍在运行中 (PID: 3981507)...
  [01:22:31] 任务仍在运行中 (PID: 3981507)...
  [01:23:31] 任务仍在运行中 (PID: 3981507)...
  [01:24:31] 任务仍在运行中 (PID: 3981507)...
  [01:25:31] 任务仍在运行中 (PID: 3981507)...
  [01:26:31] 任务仍在运行中 (PID: 3981507)...
  [01:27:31] 任务仍在运行中 (PID: 3981507)...
  [01:28:31] 任务仍在运行中 (PID: 3981507)...
  [01:29:31] 任务仍在运行中 (PID: 3981507)...
  [01:30:31] 任务仍在运行中 (PID: 3981507)...
  [01:31:31] 任务仍在运行中 (PID: 3981507)...
  [01:32:31] 任务仍在运行中 (PID: 3981507)...
  [01:33:32] 任务仍在运行中 (PID: 3981507)...
  [01:34:32] 任务仍在运行中 (PID: 3981507)...
  [01:35:32] 任务仍在运行中 (PID: 3981507)...
  [01:36:32] 任务仍在运行中 (PID: 3981507)...
  [01:37:32] 任务仍在运行中 (PID: 3981507)...
  [01:38:32] 任务仍在运行中 (PID: 3981507)...
  [01:39:32] 任务仍在运行中 (PID: 3981507)...
  [01:40:32] 任务仍在运行中 (PID: 3981507)...
  [01:41:32] 任务仍在运行中 (PID: 3981507)...
  [01:42:32] 任务仍在运行中 (PID: 3981507)...
  [01:43:32] 任务仍在运行中 (PID: 3981507)...
  [01:44:32] 任务仍在运行中 (PID: 3981507)...
  [01:45:32] 任务仍在运行中 (PID: 3981507)...
  [01:46:32] 任务仍在运行中 (PID: 3981507)...
  [01:47:32] 任务仍在运行中 (PID: 3981507)...
  [01:48:32] 任务仍在运行中 (PID: 3981507)...
  [01:49:32] 任务仍在运行中 (PID: 3981507)...
  [01:50:32] 任务仍在运行中 (PID: 3981507)...
  [01:51:32] 任务仍在运行中 (PID: 3981507)...
  [01:52:32] 任务仍在运行中 (PID: 3981507)...
  [01:53:32] 任务仍在运行中 (PID: 3981507)...
  [01:54:32] 任务仍在运行中 (PID: 3981507)...
  [01:55:32] 任务仍在运行中 (PID: 3981507)...
  [01:56:32] 任务仍在运行中 (PID: 3981507)...
  [01:57:32] 任务仍在运行中 (PID: 3981507)...
  [01:58:32] 任务仍在运行中 (PID: 3981507)...
  [01:59:32] 任务仍在运行中 (PID: 3981507)...
  [02:00:32] 任务仍在运行中 (PID: 3981507)...
  [02:01:32] 任务仍在运行中 (PID: 3981507)...
  [02:02:32] 任务仍在运行中 (PID: 3981507)...
  [02:03:32] 任务仍在运行中 (PID: 3981507)...
  [02:04:32] 任务仍在运行中 (PID: 3981507)...
  [02:05:32] 任务仍在运行中 (PID: 3981507)...
  [02:06:32] 任务仍在运行中 (PID: 3981507)...
  [02:07:32] 任务仍在运行中 (PID: 3981507)...
  [02:08:32] 任务仍在运行中 (PID: 3981507)...
  [02:09:32] 任务仍在运行中 (PID: 3981507)...
  [02:10:32] 任务仍在运行中 (PID: 3981507)...
  [02:11:32] 任务仍在运行中 (PID: 3981507)...
  [02:12:32] 任务仍在运行中 (PID: 3981507)...
  [02:13:32] 任务仍在运行中 (PID: 3981507)...
  [02:14:32] 任务仍在运行中 (PID: 3981507)...
  [02:15:32] 任务仍在运行中 (PID: 3981507)...
  [02:16:32] 任务仍在运行中 (PID: 3981507)...
  [02:17:32] 任务仍在运行中 (PID: 3981507)...
  [02:18:32] 任务仍在运行中 (PID: 3981507)...
  [02:19:32] 任务仍在运行中 (PID: 3981507)...
  [02:20:32] 任务仍在运行中 (PID: 3981507)...
  [02:21:32] 任务仍在运行中 (PID: 3981507)...
  [02:22:32] 任务仍在运行中 (PID: 3981507)...
  [02:23:32] 任务仍在运行中 (PID: 3981507)...
  [02:24:32] 任务仍在运行中 (PID: 3981507)...
  [02:25:32] 任务仍在运行中 (PID: 3981507)...
  [02:26:32] 任务仍在运行中 (PID: 3981507)...
  [02:27:32] 任务仍在运行中 (PID: 3981507)...
  [02:28:32] 任务仍在运行中 (PID: 3981507)...
  [02:29:32] 任务仍在运行中 (PID: 3981507)...
  [02:30:32] 任务仍在运行中 (PID: 3981507)...
  [02:31:32] 任务仍在运行中 (PID: 3981507)...
  [02:32:32] 任务仍在运行中 (PID: 3981507)...
  [02:33:32] 任务仍在运行中 (PID: 3981507)...
  [02:34:32] 任务仍在运行中 (PID: 3981507)...
  [02:35:32] 任务仍在运行中 (PID: 3981507)...
  [02:36:32] 任务仍在运行中 (PID: 3981507)...
  [02:37:32] 任务仍在运行中 (PID: 3981507)...
  [02:38:32] 任务仍在运行中 (PID: 3981507)...
  [02:39:32] 任务仍在运行中 (PID: 3981507)...
  [02:40:32] 任务仍在运行中 (PID: 3981507)...
  [02:41:32] 任务仍在运行中 (PID: 3981507)...
  [02:42:32] 任务仍在运行中 (PID: 3981507)...
  [02:43:32] 任务仍在运行中 (PID: 3981507)...
  [02:44:32] 任务仍在运行中 (PID: 3981507)...
  [02:45:32] 任务仍在运行中 (PID: 3981507)...
  [02:46:32] 任务仍在运行中 (PID: 3981507)...
  [02:47:32] 任务仍在运行中 (PID: 3981507)...
  [02:48:32] 任务仍在运行中 (PID: 3981507)...
  [02:49:32] 任务仍在运行中 (PID: 3981507)...
  [02:50:32] 任务仍在运行中 (PID: 3981507)...
  [02:51:32] 任务仍在运行中 (PID: 3981507)...
  [02:52:32] 任务仍在运行中 (PID: 3981507)...
  [02:53:32] 任务仍在运行中 (PID: 3981507)...
  [02:54:32] 任务仍在运行中 (PID: 3981507)...
  [02:55:32] 任务仍在运行中 (PID: 3981507)...
  [02:56:32] 任务仍在运行中 (PID: 3981507)...
  [02:57:32] 任务仍在运行中 (PID: 3981507)...
  [02:58:32] 任务仍在运行中 (PID: 3981507)...
  [02:59:32] 任务仍在运行中 (PID: 3981507)...
  [03:00:32] 任务仍在运行中 (PID: 3981507)...
  [03:01:32] 任务仍在运行中 (PID: 3981507)...
  [03:02:32] 任务仍在运行中 (PID: 3981507)...
  [03:03:32] 任务仍在运行中 (PID: 3981507)...
  [03:04:32] 任务仍在运行中 (PID: 3981507)...
  [03:05:32] 任务仍在运行中 (PID: 3981507)...
  [03:06:32] 任务仍在运行中 (PID: 3981507)...
  [03:07:32] 任务仍在运行中 (PID: 3981507)...
  [03:08:32] 任务仍在运行中 (PID: 3981507)...
✓ 进程正常退出 (退出码: 0)
✓ 数据集 glove-100-angular 处理完成

==========================================
开始处理数据集: random-match-keyword-100-angular-no-filters
时间: 2026-02-12 03:08:37
==========================================
✓ 已更新 DATASET 为: random-match-keyword-100-angular-no-filters
日志文件: log3/random-match-keyword-100-angular-no-filters.log
启动后台任务...
任务已启动，进程ID: 397801
等待任务完成...
  [03:09:37] 任务仍在运行中 (PID: 397801)...
  [03:10:37] 任务仍在运行中 (PID: 397801)...
  [03:11:37] 任务仍在运行中 (PID: 397801)...
  [03:12:37] 任务仍在运行中 (PID: 397801)...
  [03:13:37] 任务仍在运行中 (PID: 397801)...
  [03:14:37] 任务仍在运行中 (PID: 397801)...
  [03:15:37] 任务仍在运行中 (PID: 397801)...
  [03:16:37] 任务仍在运行中 (PID: 397801)...
  [03:17:37] 任务仍在运行中 (PID: 397801)...
  [03:18:37] 任务仍在运行中 (PID: 397801)...
  [03:19:37] 任务仍在运行中 (PID: 397801)...
  [03:20:37] 任务仍在运行中 (PID: 397801)...
  [03:21:37] 任务仍在运行中 (PID: 397801)...
  [03:22:37] 任务仍在运行中 (PID: 397801)...
  [03:23:37] 任务仍在运行中 (PID: 397801)...
  [03:24:37] 任务仍在运行中 (PID: 397801)...
  [03:25:37] 任务仍在运行中 (PID: 397801)...
  [03:26:37] 任务仍在运行中 (PID: 397801)...
  [03:27:37] 任务仍在运行中 (PID: 397801)...
  [03:28:37] 任务仍在运行中 (PID: 397801)...
  [03:29:37] 任务仍在运行中 (PID: 397801)...
  [03:30:37] 任务仍在运行中 (PID: 397801)...
  [03:31:37] 任务仍在运行中 (PID: 397801)...
  [03:32:37] 任务仍在运行中 (PID: 397801)...
  [03:33:37] 任务仍在运行中 (PID: 397801)...
  [03:34:37] 任务仍在运行中 (PID: 397801)...
  [03:35:37] 任务仍在运行中 (PID: 397801)...
  [03:36:37] 任务仍在运行中 (PID: 397801)...
  [03:37:37] 任务仍在运行中 (PID: 397801)...
  [03:38:37] 任务仍在运行中 (PID: 397801)...
  [03:39:37] 任务仍在运行中 (PID: 397801)...
  [03:40:37] 任务仍在运行中 (PID: 397801)...
  [03:41:37] 任务仍在运行中 (PID: 397801)...
  [03:42:37] 任务仍在运行中 (PID: 397801)...
  [03:43:37] 任务仍在运行中 (PID: 397801)...
  [03:44:37] 任务仍在运行中 (PID: 397801)...
  [03:45:37] 任务仍在运行中 (PID: 397801)...
  [03:46:37] 任务仍在运行中 (PID: 397801)...
  [03:47:37] 任务仍在运行中 (PID: 397801)...
  [03:48:37] 任务仍在运行中 (PID: 397801)...
  [03:49:38] 任务仍在运行中 (PID: 397801)...
  [03:50:38] 任务仍在运行中 (PID: 397801)...
  [03:51:38] 任务仍在运行中 (PID: 397801)...
  [03:52:38] 任务仍在运行中 (PID: 397801)...
  [03:53:38] 任务仍在运行中 (PID: 397801)...
  [03:54:38] 任务仍在运行中 (PID: 397801)...
  [03:55:38] 任务仍在运行中 (PID: 397801)...
  [03:56:38] 任务仍在运行中 (PID: 397801)...
  [03:57:38] 任务仍在运行中 (PID: 397801)...
  [03:58:38] 任务仍在运行中 (PID: 397801)...
  [03:59:38] 任务仍在运行中 (PID: 397801)...
  [04:00:38] 任务仍在运行中 (PID: 397801)...
  [04:01:38] 任务仍在运行中 (PID: 397801)...
  [04:02:38] 任务仍在运行中 (PID: 397801)...
  [04:03:38] 任务仍在运行中 (PID: 397801)...
  [04:04:38] 任务仍在运行中 (PID: 397801)...
  [04:05:38] 任务仍在运行中 (PID: 397801)...
  [04:06:38] 任务仍在运行中 (PID: 397801)...
  [04:07:38] 任务仍在运行中 (PID: 397801)...
  [04:08:38] 任务仍在运行中 (PID: 397801)...
  [04:09:38] 任务仍在运行中 (PID: 397801)...
  [04:10:38] 任务仍在运行中 (PID: 397801)...
  [04:11:38] 任务仍在运行中 (PID: 397801)...
  [04:12:38] 任务仍在运行中 (PID: 397801)...
  [04:13:38] 任务仍在运行中 (PID: 397801)...
  [04:14:38] 任务仍在运行中 (PID: 397801)...
  [04:15:38] 任务仍在运行中 (PID: 397801)...
  [04:16:38] 任务仍在运行中 (PID: 397801)...
  [04:17:38] 任务仍在运行中 (PID: 397801)...
  [04:18:38] 任务仍在运行中 (PID: 397801)...
  [04:19:38] 任务仍在运行中 (PID: 397801)...
  [04:20:38] 任务仍在运行中 (PID: 397801)...
  [04:21:38] 任务仍在运行中 (PID: 397801)...
  [04:22:38] 任务仍在运行中 (PID: 397801)...
  [04:23:38] 任务仍在运行中 (PID: 397801)...
  [04:24:38] 任务仍在运行中 (PID: 397801)...
  [04:25:38] 任务仍在运行中 (PID: 397801)...
  [04:26:38] 任务仍在运行中 (PID: 397801)...
  [04:27:38] 任务仍在运行中 (PID: 397801)...
  [04:28:38] 任务仍在运行中 (PID: 397801)...
  [04:29:38] 任务仍在运行中 (PID: 397801)...
  [04:30:38] 任务仍在运行中 (PID: 397801)...
  [04:31:38] 任务仍在运行中 (PID: 397801)...
  [04:32:38] 任务仍在运行中 (PID: 397801)...
  [04:33:38] 任务仍在运行中 (PID: 397801)...
  [04:34:38] 任务仍在运行中 (PID: 397801)...
  [04:35:38] 任务仍在运行中 (PID: 397801)...
  [04:36:38] 任务仍在运行中 (PID: 397801)...
  [04:37:38] 任务仍在运行中 (PID: 397801)...
  [04:38:38] 任务仍在运行中 (PID: 397801)...
  [04:39:38] 任务仍在运行中 (PID: 397801)...
  [04:40:38] 任务仍在运行中 (PID: 397801)...
  [04:41:38] 任务仍在运行中 (PID: 397801)...
  [04:42:38] 任务仍在运行中 (PID: 397801)...
  [04:43:38] 任务仍在运行中 (PID: 397801)...
  [04:44:38] 任务仍在运行中 (PID: 397801)...
  [04:45:38] 任务仍在运行中 (PID: 397801)...
  [04:46:38] 任务仍在运行中 (PID: 397801)...
  [04:47:38] 任务仍在运行中 (PID: 397801)...
  [04:48:38] 任务仍在运行中 (PID: 397801)...
  [04:49:38] 任务仍在运行中 (PID: 397801)...
  [04:50:38] 任务仍在运行中 (PID: 397801)...
  [04:51:38] 任务仍在运行中 (PID: 397801)...
  [04:52:38] 任务仍在运行中 (PID: 397801)...
  [04:53:38] 任务仍在运行中 (PID: 397801)...
  [04:54:38] 任务仍在运行中 (PID: 397801)...
  [04:55:38] 任务仍在运行中 (PID: 397801)...
  [04:56:38] 任务仍在运行中 (PID: 397801)...
  [04:57:38] 任务仍在运行中 (PID: 397801)...
  [04:58:38] 任务仍在运行中 (PID: 397801)...
  [04:59:38] 任务仍在运行中 (PID: 397801)...
  [05:00:38] 任务仍在运行中 (PID: 397801)...
  [05:01:38] 任务仍在运行中 (PID: 397801)...
  [05:02:38] 任务仍在运行中 (PID: 397801)...
  [05:03:38] 任务仍在运行中 (PID: 397801)...
  [05:04:38] 任务仍在运行中 (PID: 397801)...
  [05:05:38] 任务仍在运行中 (PID: 397801)...
  [05:06:38] 任务仍在运行中 (PID: 397801)...
  [05:07:38] 任务仍在运行中 (PID: 397801)...
  [05:08:38] 任务仍在运行中 (PID: 397801)...
  [05:09:38] 任务仍在运行中 (PID: 397801)...
  [05:10:38] 任务仍在运行中 (PID: 397801)...
  [05:11:38] 任务仍在运行中 (PID: 397801)...
  [05:12:38] 任务仍在运行中 (PID: 397801)...
  [05:13:38] 任务仍在运行中 (PID: 397801)...
  [05:14:38] 任务仍在运行中 (PID: 397801)...
  [05:15:38] 任务仍在运行中 (PID: 397801)...
  [05:16:38] 任务仍在运行中 (PID: 397801)...
  [05:17:38] 任务仍在运行中 (PID: 397801)...
  [05:18:38] 任务仍在运行中 (PID: 397801)...
  [05:19:38] 任务仍在运行中 (PID: 397801)...
  [05:20:38] 任务仍在运行中 (PID: 397801)...
  [05:21:38] 任务仍在运行中 (PID: 397801)...
  [05:22:38] 任务仍在运行中 (PID: 397801)...
  [05:23:38] 任务仍在运行中 (PID: 397801)...
  [05:24:38] 任务仍在运行中 (PID: 397801)...
  [05:25:38] 任务仍在运行中 (PID: 397801)...
  [05:26:38] 任务仍在运行中 (PID: 397801)...
  [05:27:38] 任务仍在运行中 (PID: 397801)...
  [05:28:38] 任务仍在运行中 (PID: 397801)...
  [05:29:38] 任务仍在运行中 (PID: 397801)...
  [05:30:38] 任务仍在运行中 (PID: 397801)...
  [05:31:38] 任务仍在运行中 (PID: 397801)...
  [05:32:38] 任务仍在运行中 (PID: 397801)...
  [05:33:38] 任务仍在运行中 (PID: 397801)...
  [05:34:38] 任务仍在运行中 (PID: 397801)...
  [05:35:38] 任务仍在运行中 (PID: 397801)...
  [05:36:38] 任务仍在运行中 (PID: 397801)...
  [05:37:38] 任务仍在运行中 (PID: 397801)...
  [05:38:38] 任务仍在运行中 (PID: 397801)...
  [05:39:38] 任务仍在运行中 (PID: 397801)...
  [05:40:38] 任务仍在运行中 (PID: 397801)...
  [05:41:38] 任务仍在运行中 (PID: 397801)...
  [05:42:38] 任务仍在运行中 (PID: 397801)...
  [05:43:38] 任务仍在运行中 (PID: 397801)...
  [05:44:38] 任务仍在运行中 (PID: 397801)...
  [05:45:38] 任务仍在运行中 (PID: 397801)...
  [05:46:38] 任务仍在运行中 (PID: 397801)...
  [05:47:38] 任务仍在运行中 (PID: 397801)...
  [05:48:38] 任务仍在运行中 (PID: 397801)...
  [05:49:38] 任务仍在运行中 (PID: 397801)...
  [05:50:38] 任务仍在运行中 (PID: 397801)...
  [05:51:38] 任务仍在运行中 (PID: 397801)...
  [05:52:38] 任务仍在运行中 (PID: 397801)...
  [05:53:38] 任务仍在运行中 (PID: 397801)...
  [05:54:38] 任务仍在运行中 (PID: 397801)...
  [05:55:38] 任务仍在运行中 (PID: 397801)...
  [05:56:38] 任务仍在运行中 (PID: 397801)...
  [05:57:38] 任务仍在运行中 (PID: 397801)...
  [05:58:38] 任务仍在运行中 (PID: 397801)...
  [05:59:38] 任务仍在运行中 (PID: 397801)...
  [06:00:38] 任务仍在运行中 (PID: 397801)...
  [06:01:38] 任务仍在运行中 (PID: 397801)...
  [06:02:38] 任务仍在运行中 (PID: 397801)...
  [06:03:39] 任务仍在运行中 (PID: 397801)...
  [06:04:39] 任务仍在运行中 (PID: 397801)...
  [06:05:39] 任务仍在运行中 (PID: 397801)...
  [06:06:39] 任务仍在运行中 (PID: 397801)...
  [06:07:39] 任务仍在运行中 (PID: 397801)...
  [06:08:39] 任务仍在运行中 (PID: 397801)...
  [06:09:39] 任务仍在运行中 (PID: 397801)...
  [06:10:39] 任务仍在运行中 (PID: 397801)...
  [06:11:39] 任务仍在运行中 (PID: 397801)...
  [06:12:39] 任务仍在运行中 (PID: 397801)...
  [06:13:39] 任务仍在运行中 (PID: 397801)...
  [06:14:39] 任务仍在运行中 (PID: 397801)...
  [06:15:39] 任务仍在运行中 (PID: 397801)...
  [06:16:39] 任务仍在运行中 (PID: 397801)...
  [06:17:39] 任务仍在运行中 (PID: 397801)...
  [06:18:39] 任务仍在运行中 (PID: 397801)...
  [06:19:39] 任务仍在运行中 (PID: 397801)...
  [06:20:39] 任务仍在运行中 (PID: 397801)...
  [06:21:39] 任务仍在运行中 (PID: 397801)...
  [06:22:39] 任务仍在运行中 (PID: 397801)...
  [06:23:39] 任务仍在运行中 (PID: 397801)...
  [06:24:39] 任务仍在运行中 (PID: 397801)...
  [06:25:39] 任务仍在运行中 (PID: 397801)...
  [06:26:39] 任务仍在运行中 (PID: 397801)...
  [06:27:39] 任务仍在运行中 (PID: 397801)...
  [06:28:39] 任务仍在运行中 (PID: 397801)...
  [06:29:39] 任务仍在运行中 (PID: 397801)...
  [06:30:39] 任务仍在运行中 (PID: 397801)...
  [06:31:39] 任务仍在运行中 (PID: 397801)...
  [06:32:39] 任务仍在运行中 (PID: 397801)...
  [06:33:39] 任务仍在运行中 (PID: 397801)...
  [06:34:39] 任务仍在运行中 (PID: 397801)...
  [06:35:39] 任务仍在运行中 (PID: 397801)...
  [06:36:39] 任务仍在运行中 (PID: 397801)...
  [06:37:39] 任务仍在运行中 (PID: 397801)...
  [06:38:39] 任务仍在运行中 (PID: 397801)...
  [06:39:39] 任务仍在运行中 (PID: 397801)...
  [06:40:39] 任务仍在运行中 (PID: 397801)...
  [06:41:39] 任务仍在运行中 (PID: 397801)...
  [06:42:39] 任务仍在运行中 (PID: 397801)...
  [06:43:39] 任务仍在运行中 (PID: 397801)...
  [06:44:39] 任务仍在运行中 (PID: 397801)...
  [06:45:39] 任务仍在运行中 (PID: 397801)...
  [06:46:39] 任务仍在运行中 (PID: 397801)...
  [06:47:39] 任务仍在运行中 (PID: 397801)...
  [06:48:39] 任务仍在运行中 (PID: 397801)...
  [06:49:39] 任务仍在运行中 (PID: 397801)...
  [06:50:39] 任务仍在运行中 (PID: 397801)...
  [06:51:39] 任务仍在运行中 (PID: 397801)...
  [06:52:39] 任务仍在运行中 (PID: 397801)...
  [06:53:39] 任务仍在运行中 (PID: 397801)...
  [06:54:39] 任务仍在运行中 (PID: 397801)...
  [06:55:39] 任务仍在运行中 (PID: 397801)...
  [06:56:39] 任务仍在运行中 (PID: 397801)...
  [06:57:39] 任务仍在运行中 (PID: 397801)...
  [06:58:39] 任务仍在运行中 (PID: 397801)...
  [06:59:39] 任务仍在运行中 (PID: 397801)...
  [07:00:39] 任务仍在运行中 (PID: 397801)...
  [07:01:39] 任务仍在运行中 (PID: 397801)...
  [07:02:39] 任务仍在运行中 (PID: 397801)...
  [07:03:39] 任务仍在运行中 (PID: 397801)...
  [07:04:39] 任务仍在运行中 (PID: 397801)...
  [07:05:39] 任务仍在运行中 (PID: 397801)...
  [07:06:39] 任务仍在运行中 (PID: 397801)...
  [07:07:39] 任务仍在运行中 (PID: 397801)...
  [07:08:39] 任务仍在运行中 (PID: 397801)...
  [07:09:39] 任务仍在运行中 (PID: 397801)...
  [07:10:39] 任务仍在运行中 (PID: 397801)...
  [07:11:39] 任务仍在运行中 (PID: 397801)...
  [07:12:39] 任务仍在运行中 (PID: 397801)...
  [07:13:39] 任务仍在运行中 (PID: 397801)...
  [07:14:39] 任务仍在运行中 (PID: 397801)...
  [07:15:39] 任务仍在运行中 (PID: 397801)...
  [07:16:39] 任务仍在运行中 (PID: 397801)...
  [07:17:39] 任务仍在运行中 (PID: 397801)...
  [07:18:39] 任务仍在运行中 (PID: 397801)...
  [07:19:39] 任务仍在运行中 (PID: 397801)...
  [07:20:39] 任务仍在运行中 (PID: 397801)...
  [07:21:39] 任务仍在运行中 (PID: 397801)...
  [07:22:39] 任务仍在运行中 (PID: 397801)...
  [07:23:39] 任务仍在运行中 (PID: 397801)...
  [07:24:39] 任务仍在运行中 (PID: 397801)...
  [07:25:39] 任务仍在运行中 (PID: 397801)...
  [07:26:39] 任务仍在运行中 (PID: 397801)...
  [07:27:39] 任务仍在运行中 (PID: 397801)...
  [07:28:39] 任务仍在运行中 (PID: 397801)...
  [07:29:39] 任务仍在运行中 (PID: 397801)...
  [07:30:39] 任务仍在运行中 (PID: 397801)...
  [07:31:39] 任务仍在运行中 (PID: 397801)...
  [07:32:39] 任务仍在运行中 (PID: 397801)...
  [07:33:39] 任务仍在运行中 (PID: 397801)...
  [07:34:39] 任务仍在运行中 (PID: 397801)...
  [07:35:39] 任务仍在运行中 (PID: 397801)...
  [07:36:39] 任务仍在运行中 (PID: 397801)...
  [07:37:39] 任务仍在运行中 (PID: 397801)...
  [07:38:39] 任务仍在运行中 (PID: 397801)...
  [07:39:39] 任务仍在运行中 (PID: 397801)...
  [07:40:39] 任务仍在运行中 (PID: 397801)...
  [07:41:39] 任务仍在运行中 (PID: 397801)...
  [07:42:39] 任务仍在运行中 (PID: 397801)...
  [07:43:39] 任务仍在运行中 (PID: 397801)...
  [07:44:39] 任务仍在运行中 (PID: 397801)...
  [07:45:39] 任务仍在运行中 (PID: 397801)...
  [07:46:39] 任务仍在运行中 (PID: 397801)...
  [07:47:39] 任务仍在运行中 (PID: 397801)...
  [07:48:39] 任务仍在运行中 (PID: 397801)...
  [07:49:39] 任务仍在运行中 (PID: 397801)...
  [07:50:39] 任务仍在运行中 (PID: 397801)...
  [07:51:39] 任务仍在运行中 (PID: 397801)...
  [07:52:39] 任务仍在运行中 (PID: 397801)...
  [07:53:39] 任务仍在运行中 (PID: 397801)...
  [07:54:39] 任务仍在运行中 (PID: 397801)...
  [07:55:39] 任务仍在运行中 (PID: 397801)...
  [07:56:39] 任务仍在运行中 (PID: 397801)...
  [07:57:39] 任务仍在运行中 (PID: 397801)...
  [07:58:39] 任务仍在运行中 (PID: 397801)...
  [07:59:39] 任务仍在运行中 (PID: 397801)...
  [08:00:39] 任务仍在运行中 (PID: 397801)...
  [08:01:39] 任务仍在运行中 (PID: 397801)...
  [08:02:39] 任务仍在运行中 (PID: 397801)...
  [08:03:39] 任务仍在运行中 (PID: 397801)...
  [08:04:39] 任务仍在运行中 (PID: 397801)...
  [08:05:39] 任务仍在运行中 (PID: 397801)...
  [08:06:39] 任务仍在运行中 (PID: 397801)...
  [08:07:39] 任务仍在运行中 (PID: 397801)...
  [08:08:39] 任务仍在运行中 (PID: 397801)...
  [08:09:39] 任务仍在运行中 (PID: 397801)...
  [08:10:39] 任务仍在运行中 (PID: 397801)...
  [08:11:39] 任务仍在运行中 (PID: 397801)...
  [08:12:39] 任务仍在运行中 (PID: 397801)...
  [08:13:39] 任务仍在运行中 (PID: 397801)...
  [08:14:39] 任务仍在运行中 (PID: 397801)...
  [08:15:39] 任务仍在运行中 (PID: 397801)...
  [08:16:39] 任务仍在运行中 (PID: 397801)...
  [08:17:39] 任务仍在运行中 (PID: 397801)...
  [08:18:39] 任务仍在运行中 (PID: 397801)...
  [08:19:39] 任务仍在运行中 (PID: 397801)...
  [08:20:39] 任务仍在运行中 (PID: 397801)...
  [08:21:40] 任务仍在运行中 (PID: 397801)...
  [08:22:40] 任务仍在运行中 (PID: 397801)...
  [08:23:40] 任务仍在运行中 (PID: 397801)...
  [08:24:40] 任务仍在运行中 (PID: 397801)...
  [08:25:40] 任务仍在运行中 (PID: 397801)...
  [08:26:40] 任务仍在运行中 (PID: 397801)...
  [08:27:40] 任务仍在运行中 (PID: 397801)...
  [08:28:40] 任务仍在运行中 (PID: 397801)...
  [08:29:40] 任务仍在运行中 (PID: 397801)...
  [08:30:40] 任务仍在运行中 (PID: 397801)...
  [08:31:40] 任务仍在运行中 (PID: 397801)...
  [08:32:40] 任务仍在运行中 (PID: 397801)...
  [08:33:40] 任务仍在运行中 (PID: 397801)...
  [08:34:40] 任务仍在运行中 (PID: 397801)...
  [08:35:40] 任务仍在运行中 (PID: 397801)...
  [08:36:40] 任务仍在运行中 (PID: 397801)...
  [08:37:40] 任务仍在运行中 (PID: 397801)...
  [08:38:40] 任务仍在运行中 (PID: 397801)...
  [08:39:40] 任务仍在运行中 (PID: 397801)...
  [08:40:40] 任务仍在运行中 (PID: 397801)...
  [08:41:40] 任务仍在运行中 (PID: 397801)...
  [08:42:40] 任务仍在运行中 (PID: 397801)...
  [08:43:40] 任务仍在运行中 (PID: 397801)...
  [08:44:40] 任务仍在运行中 (PID: 397801)...
  [08:45:40] 任务仍在运行中 (PID: 397801)...
  [08:46:40] 任务仍在运行中 (PID: 397801)...
  [08:47:40] 任务仍在运行中 (PID: 397801)...
  [08:48:40] 任务仍在运行中 (PID: 397801)...
  [08:49:40] 任务仍在运行中 (PID: 397801)...
  [08:50:40] 任务仍在运行中 (PID: 397801)...
  [08:51:40] 任务仍在运行中 (PID: 397801)...
  [08:52:40] 任务仍在运行中 (PID: 397801)...
  [08:53:40] 任务仍在运行中 (PID: 397801)...
  [08:54:40] 任务仍在运行中 (PID: 397801)...
  [08:55:40] 任务仍在运行中 (PID: 397801)...
  [08:56:40] 任务仍在运行中 (PID: 397801)...
  [08:57:40] 任务仍在运行中 (PID: 397801)...
  [08:58:40] 任务仍在运行中 (PID: 397801)...
  [08:59:40] 任务仍在运行中 (PID: 397801)...
  [09:00:40] 任务仍在运行中 (PID: 397801)...
  [09:01:40] 任务仍在运行中 (PID: 397801)...
  [09:02:40] 任务仍在运行中 (PID: 397801)...
  [09:03:40] 任务仍在运行中 (PID: 397801)...
  [09:04:40] 任务仍在运行中 (PID: 397801)...
  [09:05:40] 任务仍在运行中 (PID: 397801)...
  [09:06:40] 任务仍在运行中 (PID: 397801)...
  [09:07:40] 任务仍在运行中 (PID: 397801)...
  [09:08:40] 任务仍在运行中 (PID: 397801)...
  [09:09:40] 任务仍在运行中 (PID: 397801)...
  [09:10:40] 任务仍在运行中 (PID: 397801)...
  [09:11:40] 任务仍在运行中 (PID: 397801)...
  [09:12:40] 任务仍在运行中 (PID: 397801)...
  [09:13:40] 任务仍在运行中 (PID: 397801)...
  [09:14:40] 任务仍在运行中 (PID: 397801)...
  [09:15:40] 任务仍在运行中 (PID: 397801)...
  [09:16:40] 任务仍在运行中 (PID: 397801)...
  [09:17:40] 任务仍在运行中 (PID: 397801)...
  [09:18:40] 任务仍在运行中 (PID: 397801)...
  [09:19:40] 任务仍在运行中 (PID: 397801)...
  [09:20:40] 任务仍在运行中 (PID: 397801)...
  [09:21:40] 任务仍在运行中 (PID: 397801)...
  [09:22:40] 任务仍在运行中 (PID: 397801)...
  [09:23:40] 任务仍在运行中 (PID: 397801)...
  [09:24:40] 任务仍在运行中 (PID: 397801)...
  [09:25:40] 任务仍在运行中 (PID: 397801)...
  [09:26:40] 任务仍在运行中 (PID: 397801)...
  [09:27:40] 任务仍在运行中 (PID: 397801)...
  [09:28:40] 任务仍在运行中 (PID: 397801)...
  [09:29:40] 任务仍在运行中 (PID: 397801)...
  [09:30:40] 任务仍在运行中 (PID: 397801)...
  [09:31:40] 任务仍在运行中 (PID: 397801)...
  [09:32:40] 任务仍在运行中 (PID: 397801)...
  [09:33:40] 任务仍在运行中 (PID: 397801)...
  [09:34:40] 任务仍在运行中 (PID: 397801)...
  [09:35:40] 任务仍在运行中 (PID: 397801)...
  [09:36:40] 任务仍在运行中 (PID: 397801)...
  [09:37:40] 任务仍在运行中 (PID: 397801)...
  [09:38:40] 任务仍在运行中 (PID: 397801)...
  [09:39:40] 任务仍在运行中 (PID: 397801)...
  [09:40:40] 任务仍在运行中 (PID: 397801)...
  [09:41:40] 任务仍在运行中 (PID: 397801)...
  [09:42:40] 任务仍在运行中 (PID: 397801)...
  [09:43:40] 任务仍在运行中 (PID: 397801)...
  [09:44:40] 任务仍在运行中 (PID: 397801)...
  [09:45:40] 任务仍在运行中 (PID: 397801)...
  [09:46:40] 任务仍在运行中 (PID: 397801)...
  [09:47:40] 任务仍在运行中 (PID: 397801)...
  [09:48:40] 任务仍在运行中 (PID: 397801)...
  [09:49:40] 任务仍在运行中 (PID: 397801)...
  [09:50:40] 任务仍在运行中 (PID: 397801)...
  [09:51:40] 任务仍在运行中 (PID: 397801)...
  [09:52:40] 任务仍在运行中 (PID: 397801)...
  [09:53:40] 任务仍在运行中 (PID: 397801)...
  [09:54:40] 任务仍在运行中 (PID: 397801)...
  [09:55:40] 任务仍在运行中 (PID: 397801)...
  [09:56:40] 任务仍在运行中 (PID: 397801)...
  [09:57:40] 任务仍在运行中 (PID: 397801)...
  [09:58:40] 任务仍在运行中 (PID: 397801)...
  [09:59:40] 任务仍在运行中 (PID: 397801)...
  [10:00:40] 任务仍在运行中 (PID: 397801)...
  [10:01:40] 任务仍在运行中 (PID: 397801)...
  [10:02:40] 任务仍在运行中 (PID: 397801)...
  [10:03:40] 任务仍在运行中 (PID: 397801)...
  [10:04:40] 任务仍在运行中 (PID: 397801)...
  [10:05:40] 任务仍在运行中 (PID: 397801)...
  [10:06:40] 任务仍在运行中 (PID: 397801)...
  [10:07:40] 任务仍在运行中 (PID: 397801)...
  [10:08:40] 任务仍在运行中 (PID: 397801)...
  [10:09:40] 任务仍在运行中 (PID: 397801)...
  [10:10:40] 任务仍在运行中 (PID: 397801)...
  [10:11:40] 任务仍在运行中 (PID: 397801)...
  [10:12:40] 任务仍在运行中 (PID: 397801)...
  [10:13:40] 任务仍在运行中 (PID: 397801)...
  [10:14:40] 任务仍在运行中 (PID: 397801)...
  [10:15:40] 任务仍在运行中 (PID: 397801)...
  [10:16:40] 任务仍在运行中 (PID: 397801)...
  [10:17:40] 任务仍在运行中 (PID: 397801)...
  [10:18:40] 任务仍在运行中 (PID: 397801)...
  [10:19:40] 任务仍在运行中 (PID: 397801)...
  [10:20:40] 任务仍在运行中 (PID: 397801)...
  [10:21:40] 任务仍在运行中 (PID: 397801)...
  [10:22:40] 任务仍在运行中 (PID: 397801)...
  [10:23:40] 任务仍在运行中 (PID: 397801)...
  [10:24:40] 任务仍在运行中 (PID: 397801)...
  [10:25:40] 任务仍在运行中 (PID: 397801)...
  [10:26:40] 任务仍在运行中 (PID: 397801)...
  [10:27:40] 任务仍在运行中 (PID: 397801)...
  [10:28:40] 任务仍在运行中 (PID: 397801)...
  [10:29:40] 任务仍在运行中 (PID: 397801)...
  [10:30:40] 任务仍在运行中 (PID: 397801)...
  [10:31:40] 任务仍在运行中 (PID: 397801)...
  [10:32:40] 任务仍在运行中 (PID: 397801)...
  [10:33:40] 任务仍在运行中 (PID: 397801)...
  [10:34:40] 任务仍在运行中 (PID: 397801)...
  [10:35:40] 任务仍在运行中 (PID: 397801)...
  [10:36:40] 任务仍在运行中 (PID: 397801)...
  [10:37:40] 任务仍在运行中 (PID: 397801)...
  [10:38:40] 任务仍在运行中 (PID: 397801)...
  [10:39:40] 任务仍在运行中 (PID: 397801)...
  [10:40:40] 任务仍在运行中 (PID: 397801)...
  [10:41:40] 任务仍在运行中 (PID: 397801)...
  [10:42:40] 任务仍在运行中 (PID: 397801)...
  [10:43:40] 任务仍在运行中 (PID: 397801)...
  [10:44:40] 任务仍在运行中 (PID: 397801)...
  [10:45:40] 任务仍在运行中 (PID: 397801)...
  [10:46:41] 任务仍在运行中 (PID: 397801)...
  [10:47:41] 任务仍在运行中 (PID: 397801)...
  [10:48:41] 任务仍在运行中 (PID: 397801)...
  [10:49:41] 任务仍在运行中 (PID: 397801)...
  [10:50:41] 任务仍在运行中 (PID: 397801)...
  [10:51:41] 任务仍在运行中 (PID: 397801)...
  [10:52:41] 任务仍在运行中 (PID: 397801)...
  [10:53:41] 任务仍在运行中 (PID: 397801)...
  [10:54:41] 任务仍在运行中 (PID: 397801)...
  [10:55:41] 任务仍在运行中 (PID: 397801)...
  [10:56:41] 任务仍在运行中 (PID: 397801)...
  [10:57:41] 任务仍在运行中 (PID: 397801)...
  [10:58:41] 任务仍在运行中 (PID: 397801)...
  [10:59:41] 任务仍在运行中 (PID: 397801)...
  [11:00:41] 任务仍在运行中 (PID: 397801)...
  [11:01:41] 任务仍在运行中 (PID: 397801)...
  [11:02:41] 任务仍在运行中 (PID: 397801)...
  [11:03:41] 任务仍在运行中 (PID: 397801)...
  [11:04:41] 任务仍在运行中 (PID: 397801)...
  [11:05:41] 任务仍在运行中 (PID: 397801)...
  [11:06:41] 任务仍在运行中 (PID: 397801)...
  [11:07:41] 任务仍在运行中 (PID: 397801)...
  [11:08:41] 任务仍在运行中 (PID: 397801)...
  [11:09:41] 任务仍在运行中 (PID: 397801)...
  [11:10:41] 任务仍在运行中 (PID: 397801)...
  [11:11:41] 任务仍在运行中 (PID: 397801)...
  [11:12:41] 任务仍在运行中 (PID: 397801)...
  [11:13:41] 任务仍在运行中 (PID: 397801)...
  [11:14:41] 任务仍在运行中 (PID: 397801)...
  [11:15:41] 任务仍在运行中 (PID: 397801)...
  [11:16:41] 任务仍在运行中 (PID: 397801)...
  [11:17:41] 任务仍在运行中 (PID: 397801)...
  [11:18:41] 任务仍在运行中 (PID: 397801)...
  [11:19:41] 任务仍在运行中 (PID: 397801)...
  [11:20:41] 任务仍在运行中 (PID: 397801)...
  [11:21:41] 任务仍在运行中 (PID: 397801)...
  [11:22:41] 任务仍在运行中 (PID: 397801)...
  [11:23:41] 任务仍在运行中 (PID: 397801)...
  [11:24:41] 任务仍在运行中 (PID: 397801)...
  [11:25:41] 任务仍在运行中 (PID: 397801)...
  [11:26:41] 任务仍在运行中 (PID: 397801)...
  [11:27:41] 任务仍在运行中 (PID: 397801)...
  [11:28:41] 任务仍在运行中 (PID: 397801)...
  [11:29:41] 任务仍在运行中 (PID: 397801)...
  [11:30:41] 任务仍在运行中 (PID: 397801)...
  [11:31:41] 任务仍在运行中 (PID: 397801)...
  [11:32:41] 任务仍在运行中 (PID: 397801)...
  [11:33:41] 任务仍在运行中 (PID: 397801)...
  [11:34:41] 任务仍在运行中 (PID: 397801)...
  [11:35:41] 任务仍在运行中 (PID: 397801)...
  [11:36:41] 任务仍在运行中 (PID: 397801)...
  [11:37:41] 任务仍在运行中 (PID: 397801)...
  [11:38:41] 任务仍在运行中 (PID: 397801)...
  [11:39:41] 任务仍在运行中 (PID: 397801)...
  [11:40:41] 任务仍在运行中 (PID: 397801)...
  [11:41:41] 任务仍在运行中 (PID: 397801)...
  [11:42:41] 任务仍在运行中 (PID: 397801)...
  [11:43:41] 任务仍在运行中 (PID: 397801)...
  [11:44:41] 任务仍在运行中 (PID: 397801)...
  [11:45:41] 任务仍在运行中 (PID: 397801)...
  [11:46:41] 任务仍在运行中 (PID: 397801)...
  [11:47:41] 任务仍在运行中 (PID: 397801)...
  [11:48:41] 任务仍在运行中 (PID: 397801)...
  [11:49:41] 任务仍在运行中 (PID: 397801)...
  [11:50:41] 任务仍在运行中 (PID: 397801)...
  [11:51:41] 任务仍在运行中 (PID: 397801)...
  [11:52:41] 任务仍在运行中 (PID: 397801)...
  [11:53:41] 任务仍在运行中 (PID: 397801)...
  [11:54:41] 任务仍在运行中 (PID: 397801)...
  [11:55:41] 任务仍在运行中 (PID: 397801)...
  [11:56:41] 任务仍在运行中 (PID: 397801)...
  [11:57:41] 任务仍在运行中 (PID: 397801)...
  [11:58:41] 任务仍在运行中 (PID: 397801)...
  [11:59:41] 任务仍在运行中 (PID: 397801)...
  [12:00:41] 任务仍在运行中 (PID: 397801)...
  [12:01:41] 任务仍在运行中 (PID: 397801)...
  [12:02:41] 任务仍在运行中 (PID: 397801)...
  [12:03:41] 任务仍在运行中 (PID: 397801)...
  [12:04:41] 任务仍在运行中 (PID: 397801)...
  [12:05:41] 任务仍在运行中 (PID: 397801)...
  [12:06:41] 任务仍在运行中 (PID: 397801)...
  [12:07:41] 任务仍在运行中 (PID: 397801)...
  [12:08:41] 任务仍在运行中 (PID: 397801)...
  [12:09:41] 任务仍在运行中 (PID: 397801)...
  [12:10:41] 任务仍在运行中 (PID: 397801)...
  [12:11:41] 任务仍在运行中 (PID: 397801)...
  [12:12:41] 任务仍在运行中 (PID: 397801)...
  [12:13:41] 任务仍在运行中 (PID: 397801)...
  [12:14:41] 任务仍在运行中 (PID: 397801)...
  [12:15:41] 任务仍在运行中 (PID: 397801)...
  [12:16:41] 任务仍在运行中 (PID: 397801)...
  [12:17:41] 任务仍在运行中 (PID: 397801)...
  [12:18:41] 任务仍在运行中 (PID: 397801)...
  [12:19:41] 任务仍在运行中 (PID: 397801)...
  [12:20:41] 任务仍在运行中 (PID: 397801)...
  [12:21:41] 任务仍在运行中 (PID: 397801)...
  [12:22:41] 任务仍在运行中 (PID: 397801)...
  [12:23:41] 任务仍在运行中 (PID: 397801)...
  [12:24:41] 任务仍在运行中 (PID: 397801)...
  [12:25:41] 任务仍在运行中 (PID: 397801)...
  [12:26:41] 任务仍在运行中 (PID: 397801)...
  [12:27:41] 任务仍在运行中 (PID: 397801)...
  [12:28:41] 任务仍在运行中 (PID: 397801)...
  [12:29:41] 任务仍在运行中 (PID: 397801)...
  [12:30:41] 任务仍在运行中 (PID: 397801)...
  [12:31:41] 任务仍在运行中 (PID: 397801)...
  [12:32:41] 任务仍在运行中 (PID: 397801)...
  [12:33:41] 任务仍在运行中 (PID: 397801)...
  [12:34:41] 任务仍在运行中 (PID: 397801)...
  [12:35:41] 任务仍在运行中 (PID: 397801)...
  [12:36:41] 任务仍在运行中 (PID: 397801)...
  [12:37:41] 任务仍在运行中 (PID: 397801)...
  [12:38:41] 任务仍在运行中 (PID: 397801)...
  [12:39:41] 任务仍在运行中 (PID: 397801)...
  [12:40:41] 任务仍在运行中 (PID: 397801)...
  [12:41:41] 任务仍在运行中 (PID: 397801)...
  [12:42:41] 任务仍在运行中 (PID: 397801)...
  [12:43:41] 任务仍在运行中 (PID: 397801)...
  [12:44:41] 任务仍在运行中 (PID: 397801)...
  [12:45:41] 任务仍在运行中 (PID: 397801)...
  [12:46:41] 任务仍在运行中 (PID: 397801)...
  [12:47:41] 任务仍在运行中 (PID: 397801)...
  [12:48:41] 任务仍在运行中 (PID: 397801)...
  [12:49:41] 任务仍在运行中 (PID: 397801)...
  [12:50:41] 任务仍在运行中 (PID: 397801)...
  [12:51:41] 任务仍在运行中 (PID: 397801)...
  [12:52:41] 任务仍在运行中 (PID: 397801)...
  [12:53:41] 任务仍在运行中 (PID: 397801)...
  [12:54:41] 任务仍在运行中 (PID: 397801)...
  [12:55:41] 任务仍在运行中 (PID: 397801)...
  [12:56:41] 任务仍在运行中 (PID: 397801)...
  [12:57:41] 任务仍在运行中 (PID: 397801)...
  [12:58:41] 任务仍在运行中 (PID: 397801)...
  [12:59:41] 任务仍在运行中 (PID: 397801)...
  [13:00:42] 任务仍在运行中 (PID: 397801)...
  [13:01:42] 任务仍在运行中 (PID: 397801)...
  [13:02:42] 任务仍在运行中 (PID: 397801)...
  [13:03:42] 任务仍在运行中 (PID: 397801)...
  [13:04:42] 任务仍在运行中 (PID: 397801)...
  [13:05:42] 任务仍在运行中 (PID: 397801)...
  [13:06:42] 任务仍在运行中 (PID: 397801)...
  [13:07:42] 任务仍在运行中 (PID: 397801)...
  [13:08:42] 任务仍在运行中 (PID: 397801)...
  [13:09:42] 任务仍在运行中 (PID: 397801)...
  [13:10:42] 任务仍在运行中 (PID: 397801)...
  [13:11:42] 任务仍在运行中 (PID: 397801)...
  [13:12:42] 任务仍在运行中 (PID: 397801)...
  [13:13:42] 任务仍在运行中 (PID: 397801)...
  [13:14:42] 任务仍在运行中 (PID: 397801)...
  [13:15:42] 任务仍在运行中 (PID: 397801)...
  [13:16:42] 任务仍在运行中 (PID: 397801)...
  [13:17:42] 任务仍在运行中 (PID: 397801)...
  [13:18:42] 任务仍在运行中 (PID: 397801)...
  [13:19:42] 任务仍在运行中 (PID: 397801)...
  [13:20:42] 任务仍在运行中 (PID: 397801)...
  [13:21:42] 任务仍在运行中 (PID: 397801)...
  [13:22:42] 任务仍在运行中 (PID: 397801)...
  [13:23:42] 任务仍在运行中 (PID: 397801)...
  [13:24:42] 任务仍在运行中 (PID: 397801)...
  [13:25:42] 任务仍在运行中 (PID: 397801)...
  [13:26:42] 任务仍在运行中 (PID: 397801)...
  [13:27:42] 任务仍在运行中 (PID: 397801)...
  [13:28:42] 任务仍在运行中 (PID: 397801)...
  [13:29:42] 任务仍在运行中 (PID: 397801)...
  [13:30:42] 任务仍在运行中 (PID: 397801)...
  [13:31:42] 任务仍在运行中 (PID: 397801)...
  [13:32:42] 任务仍在运行中 (PID: 397801)...
  [13:33:42] 任务仍在运行中 (PID: 397801)...
  [13:34:42] 任务仍在运行中 (PID: 397801)...
  [13:35:42] 任务仍在运行中 (PID: 397801)...
  [13:36:42] 任务仍在运行中 (PID: 397801)...
  [13:37:42] 任务仍在运行中 (PID: 397801)...
  [13:38:42] 任务仍在运行中 (PID: 397801)...
✓ 进程正常退出 (退出码: 0)
✓ 数据集 random-match-keyword-100-angular-no-filters 处理完成

==========================================
所有数据集处理完成！
完成时间: 2026-02-12 13:38:47
==========================================
ch-keyword-100-angular-no-filters 处理完成

==========================================
所有数据集处理完成！
完成时间: 2026-02-12 13:38:47
==========================================
