nohup: ignoring input
--- DEBUG: Starting command:---
=======================================
🛠️  开始测试流程
Engine: milvus-p10 | Dataset: glove-100-angular
=======================================
>>> [Step 1] 启动后台监控...
    监控进程 PID: 1892384
>>> [Step 2] 重置 Milvus...
 Container milvus-standalone Stopping 
 Container milvus-standalone Stopped 
 Container milvus-standalone Removing 
 Container milvus-standalone Removed 
 Container milvus-etcd Stopping 
 Container milvus-minio Stopping 
 Container milvus-etcd Stopped 
 Container milvus-etcd Removing 
 Container milvus-etcd Removed 
 Container milvus-minio Stopped 
 Container milvus-minio Removing 
 Container milvus-minio Removed 
 Network milvus Removing 
 Network milvus Removed 
time="2026-01-15T15:56:58-05:00" level=warning msg="No services to build"
 Network milvus Creating 
 Network milvus Created 
 Container milvus-minio Creating 
 Container milvus-etcd Creating 
 Container milvus-minio Created 
 Container milvus-etcd Created 
 Container milvus-standalone Creating 
 Container milvus-standalone Created 
 Container milvus-minio Starting 
 Container milvus-etcd Starting 
 Container milvus-etcd Started 
 Container milvus-minio Started 
 Container milvus-standalone Starting 
 Container milvus-standalone Started 
>>> [Step 3] 等待服务启动 (90s)...
